const vmt_Fac
 :Fac.ComputeFac

func Main [in 0, out 0, local 0]
  $t0 = HeapAllocZ(4)
  [$t0] = :vmt_Fac
  if $t0 goto :null1
  Error("null pointer")
null1:
  $t1 = [$t0]
  $t1 = [$t1]
  $a0 = $t0
  $a1 = 10
  call $t1
  $t2 = $v0
  PrintIntS($t2)
  ret

func Fac.ComputeFac [in 0, out 0, local 1]
  local[0] = $s0
  $t1 = $a0
  $s0 = $a1
  $t0 = LtS($s0 1)
  if0 $t0 goto :if1_else
  $t0 = 1
  goto :if1_end
if1_else:
  $t2 = [$t1]
  $t2 = [$t2]
  $t3 = Sub($s0 1)
  $a0 = $t1
  $a1 = $t3
  call $t2
  $t4 = $v0
  $t0 = MulS($s0 $t4)
if1_end:
  $v0 = $t0
  $s0 = local[0]
  ret

