const vmt_MT4
 :MT4.Start
 :MT4.Change

func Main [in 0, out 3, local 0]
  $t0 = HeapAllocZ(4)
  [$t0] = :vmt_MT4
  if $t0 goto :null1
  Error("null pointer")
null1:
  $t1 = [$t0]
  $t1 = [$t1]
  $a0 = $t0
  $a1 = 1
  $a2 = 2
  $a3 = 3
  out[0] = 4
  out[1] = 5
  out[2] = 6
  call $t1
  $t2 = $v0
  PrintIntS($t2)
  ret

func MT4.Start [in 3, out 3, local 0]
  $t6 = $a0
  $t0 = $a1
  $t1 = $a2
  $t2 = $a3
  $t3 = in[0]
  $t4 = in[1]
  $t5 = in[2]
  PrintIntS($t0)
  PrintIntS($t1)
  PrintIntS($t2)
  PrintIntS($t3)
  PrintIntS($t4)
  PrintIntS($t5)
  $t7 = [$t6]
  $t7 = [$t7+4]
  $a0 = $t6
  $a1 = $t5
  $a2 = $t4
  $a3 = $t3
  out[0] = $t2
  out[1] = $t1
  out[2] = $t0
  call $t7
  $t8 = $v0
  $v0 = $t8
  ret

func MT4.Change [in 3, out 0, local 0]
  $t0 = $a1
  $t1 = $a2
  $t2 = $a3
  $t3 = in[0]
  $t4 = in[1]
  $t5 = in[2]
  PrintIntS($t0)
  PrintIntS($t1)
  PrintIntS($t2)
  PrintIntS($t3)
  PrintIntS($t4)
  PrintIntS($t5)
  $v0 = 0
  ret

